
> repro
> node repro.mjs


=== @nuxtjs/better-auth@0.2.2 ===


removed 1 package, and changed 1 package in 2s
npm warn install-scripts 4 packages have install scripts not yet covered by allowScripts:
npm warn install-scripts   esbuild@0.18.20 (postinstall: node install.js)
npm warn install-scripts   esbuild@0.25.12 (postinstall: node install.js)
npm warn install-scripts   esbuild@0.28.2 (postinstall: node install.js)
npm warn install-scripts   fsevents@2.3.3 (install: (install scripts present))
npm warn install-scripts
npm warn install-scripts Run `npm install-scripts ls` to review, or `npm install-scripts approve <pkg>` to allow.
[nuxt-better-auth] ℹ Generated sqlite schema (.ts + .mjs)
│
◆  Types generated in .nuxt.
ℹ Ensuring database schema is generated...
ℹ Generating database migrations...
Reading config file '/Users/jd/Projects/github/jd-solanki/reproductions/.nuxt/hub/db/drizzle.config.ts'
4 tables
account 14 columns 2 indexes 1 fks
session 8 columns 2 indexes 1 fks
user 7 columns 1 indexes 0 fks
verification 6 columns 1 indexes 0 fks

[✓] Your SQL migration file ➜ server/db/migrations/sqlite/0000_living_the_captain.sql 🚀
✔ Database migrations generated successfully.
ℹ Run npx nuxt dev or run npx nuxt db migrate to apply the migrations.

=== @nuxtjs/better-auth@0.2.3 ===


removed 1 package, and changed 1 package in 2s
npm warn install-scripts 4 packages have install scripts not yet covered by allowScripts:
npm warn install-scripts   esbuild@0.18.20 (postinstall: node install.js)
npm warn install-scripts   esbuild@0.25.12 (postinstall: node install.js)
npm warn install-scripts   esbuild@0.28.2 (postinstall: node install.js)
npm warn install-scripts   fsevents@2.3.3 (install: (install scripts present))
npm warn install-scripts
npm warn install-scripts Run `npm install-scripts ls` to review, or `npm install-scripts approve <pkg>` to allow.
[nuxt-better-auth] ℹ Generated sqlite schema (.ts + .mjs)

 WARN  [rolldown-plugin-dts] Warning: Failed to emit declaration file. Please try to enable eager option (dts.eager for tsdown).

│
◆  Types generated in .nuxt.
ℹ Ensuring database schema is generated...
[rolldown-plugin-dts] Warning: Failed to emit declaration file. Please try to enable `eager` option (`dts.eager` for tsdown).
ℹ Generating database migrations...
Reading config file '/Users/jd/Projects/github/jd-solanki/reproductions/.nuxt/hub/db/drizzle.config.ts'
0 tables


[✓] Your SQL migration file ➜ server/db/migrations/sqlite/0001_youthful_silver_samurai.sql 🚀
✔ Database migrations generated successfully.
ℹ Run npx nuxt dev or run npx nuxt db migrate to apply the migrations.

=============== RESULT ===============
node          : v24.20.0
nuxt          : 4.5.2
@nuxthub/core : 0.10.8
better-auth   : 1.7.2
--------------------------------------
@nuxtjs/better-auth@0.2.2
  nuxt prepare / db generate    : exit 0 / 0
  generated the schema file     : true   (.nuxt/better-auth/schema.sqlite.ts)
  tables in it                  : user, session, account, verification
  contributes it to hub         : true
  .nuxt/hub/db/schema.entry.ts :
      export * from '.nuxt/better-auth/schema.sqlite.ts'
  new migration                 : 0000_living_the_captain.sql
    CREATE TABLE                : user, session, account, verification
    DROP TABLE                  : (none)
--------------------------------------
@nuxtjs/better-auth@0.2.3
  nuxt prepare / db generate    : exit 0 / 0
  generated the schema file     : true   (.nuxt/better-auth/schema.sqlite.ts)
  tables in it                  : user, session, account, verification
  contributes it to hub         : false
  .nuxt/hub/db/schema.entry.ts :
      (empty -- no schema paths at all)
  new migration                 : 0001_youthful_silver_samurai.sql
    CREATE TABLE                : (none)
    DROP TABLE                  : user, session, account, verification
--------------------------------------
0.2.2 contributes the schema path (expected true)  : true
0.2.3 contributes the schema path (expected false) : false
both versions still GENERATE the schema file       : true
0.2.2 migration creates all four tables            : true
0.2.3 migration DROPS all four tables              : true
BUG REPRODUCED                                     : true
======================================

Left installed on @nuxtjs/better-auth@0.2.3 -- the broken state.
Inspect .nuxt/hub/db/schema.entry.ts by hand: the better-auth line is not there.
The generated schema still is: .nuxt/better-auth/schema.sqlite.ts. Only the wiring is gone.

